// Jest Snapshot v1, https://goo.gl/fbAQLP

exports[`404 renders 1`] = `
<h3>
  Not Found (404)
</h3>
`;
