// Jest Snapshot v1, https://goo.gl/fbAQLP

exports[`Login renders 1`] = `
<div>
  <nav
    className="navbar navbar-default"
  >
    <div
      className="container"
    >
      <div
        className="navbar-header"
      >
        <span
          className="navbar-brand"
        >
          YAWN
        </span>
      </div>
    </div>
  </nav>
  <div
    className="container"
  >
    <div
      className="container"
    >
      <div
        className="show-grid row"
      >
        <div
          className="col-md-4 col-xs-1"
        />
        <div
          className="col-md-4 col-xs-4"
        >
          <div
            className="panel panel-default"
            id={undefined}
          >
            <div
              className="panel-heading"
            >
              Login
            </div>
            <div
              className="panel-body"
            >
              <form
                onSubmit={[Function]}
              >
                <div
                  className="form-group"
                >
                  <label
                    className="control-label"
                    htmlFor="username"
                  >
                    Username
                  </label>
                  <input
                    className="form-control"
                    id="username"
                    onChange={[Function]}
                    type="text"
                    value=""
                  />
                </div>
                <div
                  className="form-group"
                >
                  <label
                    className="control-label"
                    htmlFor="password"
                  >
                    Password
                  </label>
                  <input
                    className="form-control"
                    id="password"
                    onChange={[Function]}
                    type="password"
                    value=""
                  />
                </div>
                <button
                  className="btn btn-primary"
                  disabled={false}
                  type="submit"
                >
                  Login
                </button>
              </form>
            </div>
          </div>
        </div>
        <div
          className="col-md-4 col-xs-1"
        />
      </div>
    </div>
  </div>
</div>
`;
